PUSHR RAX
PUSH 9
ADD
POPR RAX

PUSH 0
PUSHR RAX
PUSH -9
ADD
POPR RCX
POPM [RCX]

PUSH 0
PUSHR RAX
PUSH -8
ADD
POPR RCX
POPM [RCX]

PUSH 0
PUSHR RAX
PUSH -7
ADD
POPR RCX
POPM [RCX]

IN

PUSHR RAX
PUSH -9
ADD
POPR RCX
POPM [RCX]

IN

PUSHR RAX
PUSH -8
ADD
POPR RCX
POPM [RCX]

IN

PUSHR RAX
PUSH -7
ADD
POPR RCX
POPM [RCX]

PUSHR RAX
PUSH -9
ADD
POPR RCX
PUSHM [RCX]

PUSH 16
JBE :else_0
PUSH 18
OUTC

PUSH 81
OUTC

PUSH 81
OUTC

HLT

JMP :end_if_0
:else_0
:end_if_0
PUSHR RAX
PUSH -9
ADD
POPR RCX
PUSHM [RCX]

PUSHR RAX
PUSH -9
ADD
POPR RCX
PUSHM [RCX]

MUL

PUSHR RAX
PUSH -6
ADD
POPR RCX
POPM [RCX]

PUSH 0
PUSHR RAX
PUSH -5
ADD
POPR RCX
POPM [RCX]

:while_start_0
PUSHR RAX
PUSH -5
ADD
POPR RCX
PUSHM [RCX]

PUSH 32
JAE :while_end_1
PUSH 0
PUSHR RAX
PUSH -4
ADD
POPR RCX
POPM [RCX]

:while_start_2
PUSHR RAX
PUSH -4
ADD
POPR RCX
PUSHM [RCX]

PUSH 32
JAE :while_end_3
PUSHR RAX
PUSH -4
ADD
POPR RCX
PUSHM [RCX]

PUSHR RAX
PUSH -8
ADD
POPR RCX
PUSHM [RCX]

SUB

PUSHR RAX
PUSH -3
ADD
POPR RCX
POPM [RCX]

PUSHR RAX
PUSH -5
ADD
POPR RCX
PUSHM [RCX]

PUSHR RAX
PUSH -7
ADD
POPR RCX
PUSHM [RCX]

SUB

PUSHR RAX
PUSH -2
ADD
POPR RCX
POPM [RCX]

PUSHR RAX
PUSH -3
ADD
POPR RCX
PUSHM [RCX]

PUSHR RAX
PUSH -3
ADD
POPR RCX
PUSHM [RCX]

MUL

PUSHR RAX
PUSH -2
ADD
POPR RCX
PUSHM [RCX]

PUSHR RAX
PUSH -2
ADD
POPR RCX
PUSHM [RCX]

MUL

ADD

PUSHR RAX
PUSH -1
ADD
POPR RCX
POPM [RCX]

PUSHR RAX
PUSH -1
ADD
POPR RCX
PUSHM [RCX]

PUSHR RAX
PUSH -6
ADD
POPR RCX
PUSHM [RCX]

JA :else_1
PUSH 43
OUTC

PUSH 43
OUTC

JMP :end_if_1
:else_1
PUSH 46
OUTC

PUSH 46
OUTC

:end_if_1
PUSHR RAX
PUSH -4
ADD
POPR RCX
PUSHM [RCX]

PUSH 1
ADD

PUSHR RAX
PUSH -4
ADD
POPR RCX
POPM [RCX]

JMP :while_start_2
:while_end_3
PUSH 10
OUTC

PUSHR RAX
PUSH -5
ADD
POPR RCX
PUSHM [RCX]

PUSH 1
ADD

PUSHR RAX
PUSH -5
ADD
POPR RCX
POPM [RCX]

JMP :while_start_0
:while_end_1
PUSHR RAX
PUSH 9
SUB
POPR RAX

HLT

